// Jest Snapshot v1, https://goo.gl/fbAQLP

exports[`<Slider /> should render the heading 1`] = `
<main
  class=""
>
  <h1>
    Slider
  </h1>
</main>
`;
